components/contact-section.tsx(85,5): error TS2657: JSX expressions must have one parent element.
components/contact-section.tsx(121,14): error TS17008: JSX element 'motion.div' has no corresponding closing tag.
components/contact-section.tsx(126,13): error TS17002: Expected corresponding JSX closing tag for 'motion.div'.
components/contact-section.tsx(127,11): error TS17002: Expected corresponding JSX closing tag for 'section'.
components/contact-section.tsx(370,7): error TS1005: ')' expected.
components/contact-section.tsx(371,5): error TS1109: Expression expected.
components/contact-section.tsx(372,3): error TS1109: Expression expected.
components/projects-section.tsx(291,14): error TS17008: JSX element 'motion.div' has no corresponding closing tag.
components/projects-section.tsx(296,13): error TS17002: Expected corresponding JSX closing tag for 'motion.div'.
components/projects-section.tsx(297,11): error TS17002: Expected corresponding JSX closing tag for 'section'.
components/projects-section.tsx(299,9): error TS1005: ')' expected.
components/projects-section.tsx(325,7): error TS1128: Declaration or statement expected.
components/projects-section.tsx(326,5): error TS1109: Expression expected.
components/projects-section.tsx(327,3): error TS1109: Expression expected.
components/skills-section.tsx(118,14): error TS17008: JSX element 'motion.div' has no corresponding closing tag.
components/skills-section.tsx(123,13): error TS17002: Expected corresponding JSX closing tag for 'motion.div'.
components/skills-section.tsx(124,11): error TS17002: Expected corresponding JSX closing tag for 'section'.
components/skills-section.tsx(126,9): error TS1005: ')' expected.
components/skills-section.tsx(139,13): error TS17002: Expected corresponding JSX closing tag for 'motion.div'.
components/skills-section.tsx(140,9): error TS1128: Declaration or statement expected.
components/skills-section.tsx(143,14): error TS1005: ';' expected.
components/skills-section.tsx(144,18): error TS1005: ',' expected.
components/skills-section.tsx(147,9): error TS1128: Declaration or statement expected.
components/skills-section.tsx(150,14): error TS1005: ';' expected.
components/skills-section.tsx(151,24): error TS1005: ',' expected.
components/skills-section.tsx(169,9): error TS1128: Declaration or statement expected.
components/skills-section.tsx(172,21): error TS1005: ';' expected.
components/skills-section.tsx(172,41): error TS1005: ';' expected.
components/skills-section.tsx(208,11): error TS1128: Declaration or statement expected.
components/skills-section.tsx(210,7): error TS1109: Expression expected.
components/skills-section.tsx(211,5): error TS1109: Expression expected.
components/skills-section.tsx(212,3): error TS1109: Expression expected.
components/timeline-section.tsx(400,14): error TS17008: JSX element 'motion.div' has no corresponding closing tag.
components/timeline-section.tsx(405,13): error TS17002: Expected corresponding JSX closing tag for 'motion.div'.
components/timeline-section.tsx(406,11): error TS17002: Expected corresponding JSX closing tag for 'section'.
components/timeline-section.tsx(408,9): error TS1005: ')' expected.
components/timeline-section.tsx(462,7): error TS1128: Declaration or statement expected.
components/timeline-section.tsx(465,14): error TS1005: ';' expected.
components/timeline-section.tsx(465,48): error TS1005: ';' expected.
components/timeline-section.tsx(465,69): error TS1005: ';' expected.
components/timeline-section.tsx(465,91): error TS1109: Expression expected.
components/timeline-section.tsx(466,5): error TS1109: Expression expected.
components/timeline-section.tsx(467,3): error TS1109: Expression expected.
